125593 execve("/usr/bin/dash", ["dash"], 0x7ffdb581fe00 /* 74 vars */) = 0
125593 brk(NULL)                        = 0x55816a509000
125593 arch_prctl(0x3001 /* ARCH_??? */, 0x7ffccb80e3a0) = -1 EINVAL (Invalid argument)
125593 access("/etc/ld.so.preload", R_OK) = -1 ENOENT (No such file or directory)
125593 openat(AT_FDCWD, "/etc/ld.so.cache", O_RDONLY|O_CLOEXEC) = 3</etc/ld.so.cache>
125593 fstat(3</etc/ld.so.cache>, {st_mode=S_IFREG|0644, st_size=168710, ...}) = 0
125593 mmap(NULL, 168710, PROT_READ, MAP_PRIVATE, 3</etc/ld.so.cache>, 0) = 0x7f4a29515000
125593 close(3</etc/ld.so.cache>)       = 0
125593 openat(AT_FDCWD, "/lib64/libc.so.6", O_RDONLY|O_CLOEXEC) = 3</usr/lib64/libc-2.31.so>
125593 read(3</usr/lib64/libc-2.31.so>, "\177ELF\2\1\1\3\0\0\0\0\0\0\0\0\3\0>\0\1\0\0\0\300q\2\0\0\0\0\0"..., 832) = 832
125593 pread64(3</usr/lib64/libc-2.31.so>, "\6\0\0\0\4\0\0\0@\0\0\0\0\0\0\0@\0\0\0\0\0\0\0@\0\0\0\0\0\0\0"..., 784, 64) = 784
125593 pread64(3</usr/lib64/libc-2.31.so>, "\4\0\0\0 \0\0\0\5\0\0\0GNU\0\1\0\0\300\4\0\0\0\330\1\0\0\0\0\0\0"..., 48, 848) = 48
125593 pread64(3</usr/lib64/libc-2.31.so>, "\4\0\0\0\24\0\0\0\3\0\0\0GNU\0\312\371\321\345\307uo!\206-\356\341\274\f\357\206"..., 68, 896) = 68
125593 fstat(3</usr/lib64/libc-2.31.so>, {st_mode=S_IFREG|0755, st_size=3183216, ...}) = 0
125593 mmap(NULL, 8192, PROT_READ|PROT_WRITE, MAP_PRIVATE|MAP_ANONYMOUS, -1, 0) = 0x7f4a29513000
125593 pread64(3</usr/lib64/libc-2.31.so>, "\6\0\0\0\4\0\0\0@\0\0\0\0\0\0\0@\0\0\0\0\0\0\0@\0\0\0\0\0\0\0"..., 784, 64) = 784
125593 pread64(3</usr/lib64/libc-2.31.so>, "\4\0\0\0 \0\0\0\5\0\0\0GNU\0\1\0\0\300\4\0\0\0\330\1\0\0\0\0\0\0"..., 48, 848) = 48
125593 pread64(3</usr/lib64/libc-2.31.so>, "\4\0\0\0\24\0\0\0\3\0\0\0GNU\0\312\371\321\345\307uo!\206-\356\341\274\f\357\206"..., 68, 896) = 68
125593 mmap(NULL, 1872744, PROT_READ, MAP_PRIVATE|MAP_DENYWRITE, 3</usr/lib64/libc-2.31.so>, 0) = 0x7f4a29349000
125593 mmap(0x7f4a2936e000, 1376256, PROT_READ|PROT_EXEC, MAP_PRIVATE|MAP_FIXED|MAP_DENYWRITE, 3</usr/lib64/libc-2.31.so>, 0x25000) = 0x7f4a2936e000
125593 mmap(0x7f4a294be000, 307200, PROT_READ, MAP_PRIVATE|MAP_FIXED|MAP_DENYWRITE, 3</usr/lib64/libc-2.31.so>, 0x175000) = 0x7f4a294be000
125593 mmap(0x7f4a29509000, 24576, PROT_READ|PROT_WRITE, MAP_PRIVATE|MAP_FIXED|MAP_DENYWRITE, 3</usr/lib64/libc-2.31.so>, 0x1bf000) = 0x7f4a29509000
125593 mmap(0x7f4a2950f000, 13160, PROT_READ|PROT_WRITE, MAP_PRIVATE|MAP_FIXED|MAP_ANONYMOUS, -1, 0) = 0x7f4a2950f000
125593 close(3</usr/lib64/libc-2.31.so>) = 0
125593 arch_prctl(ARCH_SET_FS, 0x7f4a29514580) = 0
125593 mprotect(0x7f4a29509000, 12288, PROT_READ) = 0
125593 mprotect(0x55816962d000, 8192, PROT_READ) = 0
125593 mprotect(0x7f4a2956b000, 4096, PROT_READ) = 0
125593 munmap(0x7f4a29515000, 168710)   = 0
125593 getpid()                         = 125593
125593 rt_sigaction(SIGCHLD, {sa_handler=0x558169622e90, sa_mask=~[RTMIN RT_1], sa_flags=SA_RESTORER, sa_restorer=0x7f4a29385860}, NULL, 8) = 0
125593 geteuid()                        = 1000
125593 brk(NULL)                        = 0x55816a509000
125593 brk(0x55816a52a000)              = 0x55816a52a000
125593 brk(NULL)                        = 0x55816a52a000
125593 getppid()                        = 125590
125593 stat("/home/wiktor/src/so/04", {st_mode=S_IFDIR|0755, st_size=4096, ...}) = 0
125593 stat(".", {st_mode=S_IFDIR|0755, st_size=4096, ...}) = 0
125593 ioctl(0</dev/pts/1>, TCGETS, {B38400 opost isig icanon echo ...}) = 0
125593 ioctl(1</dev/pts/1>, TCGETS, {B38400 opost isig icanon echo ...}) = 0
125593 rt_sigaction(SIGINT, NULL, {sa_handler=SIG_DFL, sa_mask=[], sa_flags=0}, 8) = 0
125593 rt_sigaction(SIGINT, {sa_handler=0x558169622e90, sa_mask=~[RTMIN RT_1], sa_flags=SA_RESTORER, sa_restorer=0x7f4a29385860}, NULL, 8) = 0
125593 rt_sigaction(SIGQUIT, NULL, {sa_handler=SIG_DFL, sa_mask=[], sa_flags=0}, 8) = 0
125593 rt_sigaction(SIGQUIT, {sa_handler=SIG_IGN, sa_mask=~[RTMIN RT_1], sa_flags=SA_RESTORER, sa_restorer=0x7f4a29385860}, NULL, 8) = 0
125593 rt_sigaction(SIGTERM, NULL, {sa_handler=SIG_DFL, sa_mask=[], sa_flags=0}, 8) = 0
125593 rt_sigaction(SIGTERM, {sa_handler=SIG_IGN, sa_mask=~[RTMIN RT_1], sa_flags=SA_RESTORER, sa_restorer=0x7f4a29385860}, NULL, 8) = 0
125593 openat(AT_FDCWD, "/dev/tty", O_RDWR) = 3</dev/tty>
125593 fcntl(3</dev/tty>, F_DUPFD, 10)  = 10</dev/tty>
125593 close(3</dev/tty>)               = 0
125593 fcntl(10</dev/tty>, F_SETFD, FD_CLOEXEC) = 0
125593 ioctl(10</dev/tty>, TIOCGPGRP, [125590]) = 0
125593 getpgrp()                        = 125590
125593 rt_sigaction(SIGTSTP, NULL, {sa_handler=SIG_DFL, sa_mask=[], sa_flags=0}, 8) = 0
125593 rt_sigaction(SIGTSTP, {sa_handler=SIG_IGN, sa_mask=~[RTMIN RT_1], sa_flags=SA_RESTORER, sa_restorer=0x7f4a29385860}, NULL, 8) = 0
125593 rt_sigaction(SIGTTOU, NULL, {sa_handler=SIG_DFL, sa_mask=[], sa_flags=0}, 8) = 0
125593 rt_sigaction(SIGTTOU, {sa_handler=SIG_IGN, sa_mask=~[RTMIN RT_1], sa_flags=SA_RESTORER, sa_restorer=0x7f4a29385860}, NULL, 8) = 0
125593 rt_sigaction(SIGTTIN, NULL, {sa_handler=SIG_DFL, sa_mask=[], sa_flags=0}, 8) = 0
125593 rt_sigaction(SIGTTIN, {sa_handler=SIG_DFL, sa_mask=~[RTMIN RT_1], sa_flags=SA_RESTORER, sa_restorer=0x7f4a29385860}, NULL, 8) = 0
125593 setpgid(0, 125593)               = 0
125593 ioctl(10</dev/tty>, TIOCSPGRP, [125593]) = 0
125593 wait4(-1, 0x7ffccb80e04c, WNOHANG|WSTOPPED, NULL) = -1 ECHILD (No child processes)
125593 stat("/var/spool/mail/wiktor", {st_mode=S_IFREG|0660, st_size=0, ...}) = 0
125593 write(2</dev/pts/1>, "$ ", 2)    = 2
125593 read(0</dev/pts/1>, 0x55816962f5c0, 8192) = ? ERESTARTSYS (To be restarted if SA_RESTART is set)
125593 --- SIGWINCH {si_signo=SIGWINCH, si_code=SI_KERNEL} ---
125593 read(0</dev/pts/1>, 0x55816962f5c0, 8192) = ? ERESTARTSYS (To be restarted if SA_RESTART is set)
125593 --- SIGWINCH {si_signo=SIGWINCH, si_code=SI_KERNEL} ---
125593 read(0</dev/pts/1>, "ps -ef | grep sh | wc -l > cnt\n", 8192) = 31
125593 stat("/usr/local/bin/ps", 0x7ffccb80e090) = -1 ENOENT (No such file or directory)
125593 stat("/usr/bin/ps", {st_mode=S_IFREG|0755, st_size=145960, ...}) = 0
125593 pipe([3<pipe:[963544]>, 4<pipe:[963544]>]) = 0
125593 clone(child_stack=NULL, flags=CLONE_CHILD_CLEARTID|CLONE_CHILD_SETTID|SIGCHLD, child_tidptr=0x7f4a29514850) = 125596
125593 setpgid(125596, 125596)          = 0
125596 getpid( <unfinished ...>
125593 close(4<pipe:[963544]> <unfinished ...>
125596 <... getpid resumed>)            = 125596
125593 <... close resumed>)             = 0
125596 setpgid(0, 125596 <unfinished ...>
125593 stat("/usr/local/bin/grep",  <unfinished ...>
125596 <... setpgid resumed>)           = 0
125593 <... stat resumed>0x7ffccb80e090) = -1 ENOENT (No such file or directory)
125596 ioctl(10</dev/tty>, TIOCSPGRP, [125596] <unfinished ...>
125593 stat("/usr/bin/grep",  <unfinished ...>
125596 <... ioctl resumed>)             = 0
125593 <... stat resumed>{st_mode=S_IFREG|0755, st_size=171864, ...}) = 0
125596 rt_sigaction(SIGTSTP, {sa_handler=SIG_DFL, sa_mask=~[RTMIN RT_1], sa_flags=SA_RESTORER, sa_restorer=0x7f4a29385860},  <unfinished ...>
125593 pipe( <unfinished ...>
125596 <... rt_sigaction resumed>NULL, 8) = 0
125593 <... pipe resumed>[4<pipe:[963545]>, 5<pipe:[963545]>]) = 0
125596 rt_sigaction(SIGTTOU, {sa_handler=SIG_DFL, sa_mask=~[RTMIN RT_1], sa_flags=SA_RESTORER, sa_restorer=0x7f4a29385860},  <unfinished ...>
125593 clone(child_stack=NULL, flags=CLONE_CHILD_CLEARTID|CLONE_CHILD_SETTID|SIGCHLD <unfinished ...>
125596 <... rt_sigaction resumed>NULL, 8) = 0
125596 rt_sigaction(SIGINT, {sa_handler=SIG_DFL, sa_mask=~[RTMIN RT_1], sa_flags=SA_RESTORER, sa_restorer=0x7f4a29385860}, NULL, 8) = 0
125596 rt_sigaction(SIGQUIT, {sa_handler=SIG_DFL, sa_mask=~[RTMIN RT_1], sa_flags=SA_RESTORER, sa_restorer=0x7f4a29385860},  <unfinished ...>
125593 <... clone resumed>, child_tidptr=0x7f4a29514850) = 125597
125597 setpgid(0, 125596 <unfinished ...>
125596 <... rt_sigaction resumed>NULL, 8) = 0
125593 setpgid(125597, 125596 <unfinished ...>
125597 <... setpgid resumed>)           = 0
125596 rt_sigaction(SIGTERM, {sa_handler=SIG_DFL, sa_mask=~[RTMIN RT_1], sa_flags=SA_RESTORER, sa_restorer=0x7f4a29385860},  <unfinished ...>
125593 <... setpgid resumed>)           = 0
125597 ioctl(10</dev/tty>, TIOCSPGRP, [125596] <unfinished ...>
125596 <... rt_sigaction resumed>NULL, 8) = 0
125593 close(3<pipe:[963544]> <unfinished ...>
125597 <... ioctl resumed>)             = 0
125593 <... close resumed>)             = 0
125596 close(3<pipe:[963544]> <unfinished ...>
125593 close(5<pipe:[963545]> <unfinished ...>
125597 rt_sigaction(SIGTSTP, {sa_handler=SIG_DFL, sa_mask=~[RTMIN RT_1], sa_flags=SA_RESTORER, sa_restorer=0x7f4a29385860},  <unfinished ...>
125596 <... close resumed>)             = 0
125593 <... close resumed>)             = 0
125597 <... rt_sigaction resumed>NULL, 8) = 0
125596 dup2(4<pipe:[963544]>, 1</dev/pts/1> <unfinished ...>
125593 stat("/usr/local/bin/wc",  <unfinished ...>
125597 rt_sigaction(SIGTTOU, {sa_handler=SIG_DFL, sa_mask=~[RTMIN RT_1], sa_flags=SA_RESTORER, sa_restorer=0x7f4a29385860},  <unfinished ...>
125596 <... dup2 resumed>)              = 1<pipe:[963544]>
125593 <... stat resumed>0x7ffccb80e090) = -1 ENOENT (No such file or directory)
125597 <... rt_sigaction resumed>NULL, 8) = 0
125596 close(4<pipe:[963544]> <unfinished ...>
125593 stat("/usr/bin/wc",  <unfinished ...>
125597 rt_sigaction(SIGINT, {sa_handler=SIG_DFL, sa_mask=~[RTMIN RT_1], sa_flags=SA_RESTORER, sa_restorer=0x7f4a29385860},  <unfinished ...>
125596 <... close resumed>)             = 0
125593 <... stat resumed>{st_mode=S_IFREG|0755, st_size=50864, ...}) = 0
125597 <... rt_sigaction resumed>NULL, 8) = 0
125593 clone(child_stack=NULL, flags=CLONE_CHILD_CLEARTID|CLONE_CHILD_SETTID|SIGCHLD <unfinished ...>
125596 execve("/usr/bin/ps", ["ps", "-ef"], 0x55816a50a478 /* 74 vars */ <unfinished ...>
125597 rt_sigaction(SIGQUIT, {sa_handler=SIG_DFL, sa_mask=~[RTMIN RT_1], sa_flags=SA_RESTORER, sa_restorer=0x7f4a29385860}, NULL, 8) = 0
125593 <... clone resumed>, child_tidptr=0x7f4a29514850) = 125598
125593 setpgid(125598, 125596 <unfinished ...>
125597 rt_sigaction(SIGTERM, {sa_handler=SIG_DFL, sa_mask=~[RTMIN RT_1], sa_flags=SA_RESTORER, sa_restorer=0x7f4a29385860},  <unfinished ...>
125593 <... setpgid resumed>)           = 0
125598 setpgid(0, 125596 <unfinished ...>
125593 close(4<pipe:[963545]> <unfinished ...>
125598 <... setpgid resumed>)           = 0
125597 <... rt_sigaction resumed>NULL, 8) = 0
125593 <... close resumed>)             = 0
125598 ioctl(10</dev/tty>, TIOCSPGRP, [125596] <unfinished ...>
125593 close(-1 <unfinished ...>
125597 close(4<pipe:[963545]> <unfinished ...>
125593 <... close resumed>)             = -1 EBADF (Bad file descriptor)
125598 <... ioctl resumed>)             = 0
125596 <... execve resumed>)            = 0
125597 <... close resumed>)             = 0
125593 wait4(-1,  <unfinished ...>
125598 rt_sigaction(SIGTSTP, {sa_handler=SIG_DFL, sa_mask=~[RTMIN RT_1], sa_flags=SA_RESTORER, sa_restorer=0x7f4a29385860},  <unfinished ...>
125597 dup2(3<pipe:[963544]>, 0</dev/pts/1> <unfinished ...>
125598 <... rt_sigaction resumed>NULL, 8) = 0
125596 brk(NULL <unfinished ...>
125598 rt_sigaction(SIGTTOU, {sa_handler=SIG_DFL, sa_mask=~[RTMIN RT_1], sa_flags=SA_RESTORER, sa_restorer=0x7f4a29385860},  <unfinished ...>
125597 <... dup2 resumed>)              = 0<pipe:[963544]>
125598 <... rt_sigaction resumed>NULL, 8) = 0
125596 <... brk resumed>)               = 0x55f43f1d5000
125598 rt_sigaction(SIGINT, {sa_handler=SIG_DFL, sa_mask=~[RTMIN RT_1], sa_flags=SA_RESTORER, sa_restorer=0x7f4a29385860},  <unfinished ...>
125597 close(3<pipe:[963544]> <unfinished ...>
125598 <... rt_sigaction resumed>NULL, 8) = 0
125596 arch_prctl(0x3001 /* ARCH_??? */, 0x7ffcb9cfc380 <unfinished ...>
125598 rt_sigaction(SIGQUIT, {sa_handler=SIG_DFL, sa_mask=~[RTMIN RT_1], sa_flags=SA_RESTORER, sa_restorer=0x7f4a29385860},  <unfinished ...>
125597 <... close resumed>)             = 0
125598 <... rt_sigaction resumed>NULL, 8) = 0
125596 <... arch_prctl resumed>)        = -1 EINVAL (Invalid argument)
125598 rt_sigaction(SIGTERM, {sa_handler=SIG_DFL, sa_mask=~[RTMIN RT_1], sa_flags=SA_RESTORER, sa_restorer=0x7f4a29385860},  <unfinished ...>
125597 dup2(5<pipe:[963545]>, 1</dev/pts/1> <unfinished ...>
125598 <... rt_sigaction resumed>NULL, 8) = 0
125596 access("/etc/ld.so.preload", R_OK <unfinished ...>
125598 dup2(4<pipe:[963545]>, 0</dev/pts/1> <unfinished ...>
125597 <... dup2 resumed>)              = 1<pipe:[963545]>
125598 <... dup2 resumed>)              = 0<pipe:[963545]>
125596 <... access resumed>)            = -1 ENOENT (No such file or directory)
125598 close(4<pipe:[963545]> <unfinished ...>
125597 close(5<pipe:[963545]> <unfinished ...>
125598 <... close resumed>)             = 0
125596 openat(AT_FDCWD, "/etc/ld.so.cache", O_RDONLY|O_CLOEXEC <unfinished ...>
125597 <... close resumed>)             = 0
125598 openat(AT_FDCWD, "cnt", O_WRONLY|O_CREAT|O_TRUNC, 0666 <unfinished ...>
125596 <... openat resumed>)            = 3</etc/ld.so.cache>
125597 execve("/usr/bin/grep", ["grep", "sh"], 0x55816a50a4a8 /* 74 vars */ <unfinished ...>
125596 fstat(3</etc/ld.so.cache>,  <unfinished ...>
125598 <... openat resumed>)            = 3</home/wiktor/src/so/04/cnt>
125596 <... fstat resumed>{st_mode=S_IFREG|0644, st_size=168710, ...}) = 0
125598 fcntl(1</dev/pts/1>, F_DUPFD, 10 <unfinished ...>
125596 mmap(NULL, 168710, PROT_READ, MAP_PRIVATE, 3</etc/ld.so.cache>, 0 <unfinished ...>
125598 <... fcntl resumed>)             = 11</dev/pts/1>
125596 <... mmap resumed>)              = 0x7f6016a9f000
125598 close(1</dev/pts/1> <unfinished ...>
125596 close(3</etc/ld.so.cache> <unfinished ...>
125598 <... close resumed>)             = 0
125596 <... close resumed>)             = 0
125598 fcntl(11</dev/pts/1>, F_SETFD, FD_CLOEXEC) = 0
125596 openat(AT_FDCWD, "/lib64/libprocps.so.8", O_RDONLY|O_CLOEXEC <unfinished ...>
125598 dup2(3</home/wiktor/src/so/04/cnt>, 1) = 1</home/wiktor/src/so/04/cnt>
125596 <... openat resumed>)            = 3</usr/lib64/libprocps.so.8.0.2>
125598 close(3</home/wiktor/src/so/04/cnt> <unfinished ...>
125597 <... execve resumed>)            = 0
125598 <... close resumed>)             = 0
125596 read(3</usr/lib64/libprocps.so.8.0.2>,  <unfinished ...>
125598 execve("/usr/bin/wc", ["wc", "-l"], 0x55816a50a4f8 /* 74 vars */ <unfinished ...>
125597 brk(NULL <unfinished ...>
125596 <... read resumed>"\177ELF\2\1\1\0\0\0\0\0\0\0\0\0\3\0>\0\1\0\0\0\320\\\0\0\0\0\0\0"..., 832) = 832
125597 <... brk resumed>)               = 0x55f107f5f000
125596 fstat(3</usr/lib64/libprocps.so.8.0.2>,  <unfinished ...>
125597 arch_prctl(0x3001 /* ARCH_??? */, 0x7ffcb56fd580 <unfinished ...>
125596 <... fstat resumed>{st_mode=S_IFREG|0755, st_size=87360, ...}) = 0
125597 <... arch_prctl resumed>)        = -1 EINVAL (Invalid argument)
125596 mmap(NULL, 8192, PROT_READ|PROT_WRITE, MAP_PRIVATE|MAP_ANONYMOUS, -1, 0) = 0x7f6016a9d000
125597 access("/etc/ld.so.preload", R_OK <unfinished ...>
125596 mmap(NULL, 163872, PROT_READ, MAP_PRIVATE|MAP_DENYWRITE, 3</usr/lib64/libprocps.so.8.0.2>, 0 <unfinished ...>
125597 <... access resumed>)            = -1 ENOENT (No such file or directory)
125598 <... execve resumed>)            = 0
125596 <... mmap resumed>)              = 0x7f6016a74000
125597 openat(AT_FDCWD, "/etc/ld.so.cache", O_RDONLY|O_CLOEXEC <unfinished ...>
125596 mmap(0x7f6016a79000, 40960, PROT_READ|PROT_EXEC, MAP_PRIVATE|MAP_FIXED|MAP_DENYWRITE, 3</usr/lib64/libprocps.so.8.0.2>, 0x5000 <unfinished ...>
125598 brk(NULL <unfinished ...>
125597 <... openat resumed>)            = 3</etc/ld.so.cache>
125598 <... brk resumed>)               = 0x556d7172b000
125596 <... mmap resumed>)              = 0x7f6016a79000
125598 arch_prctl(0x3001 /* ARCH_??? */, 0x7ffe09b73f60 <unfinished ...>
125597 fstat(3</etc/ld.so.cache>,  <unfinished ...>
125598 <... arch_prctl resumed>)        = -1 EINVAL (Invalid argument)
125596 mmap(0x7f6016a83000, 16384, PROT_READ, MAP_PRIVATE|MAP_FIXED|MAP_DENYWRITE, 3</usr/lib64/libprocps.so.8.0.2>, 0xf000 <unfinished ...>
125597 <... fstat resumed>{st_mode=S_IFREG|0644, st_size=168710, ...}) = 0
125598 access("/etc/ld.so.preload", R_OK <unfinished ...>
125596 <... mmap resumed>)              = 0x7f6016a83000
125598 <... access resumed>)            = -1 ENOENT (No such file or directory)
125597 mmap(NULL, 168710, PROT_READ, MAP_PRIVATE, 3</etc/ld.so.cache>, 0 <unfinished ...>
125598 openat(AT_FDCWD, "/etc/ld.so.cache", O_RDONLY|O_CLOEXEC <unfinished ...>
125596 mmap(0x7f6016a87000, 12288, PROT_READ|PROT_WRITE, MAP_PRIVATE|MAP_FIXED|MAP_DENYWRITE, 3</usr/lib64/libprocps.so.8.0.2>, 0x12000 <unfinished ...>
125598 <... openat resumed>)            = 3</etc/ld.so.cache>
125597 <... mmap resumed>)              = 0x7f5beea96000
125598 fstat(3</etc/ld.so.cache>,  <unfinished ...>
125596 <... mmap resumed>)              = 0x7f6016a87000
125598 <... fstat resumed>{st_mode=S_IFREG|0644, st_size=168710, ...}) = 0
125597 close(3</etc/ld.so.cache> <unfinished ...>
125598 mmap(NULL, 168710, PROT_READ, MAP_PRIVATE, 3</etc/ld.so.cache>, 0 <unfinished ...>
125596 mmap(0x7f6016a8a000, 73760, PROT_READ|PROT_WRITE, MAP_PRIVATE|MAP_FIXED|MAP_ANONYMOUS, -1, 0 <unfinished ...>
125598 <... mmap resumed>)              = 0x7f5a7a0cf000
125597 <... close resumed>)             = 0
125598 close(3</etc/ld.so.cache> <unfinished ...>
125596 <... mmap resumed>)              = 0x7f6016a8a000
125598 <... close resumed>)             = 0
125597 openat(AT_FDCWD, "/lib64/libpcre.so.1", O_RDONLY|O_CLOEXEC <unfinished ...>
125596 close(3</usr/lib64/libprocps.so.8.0.2> <unfinished ...>
125598 openat(AT_FDCWD, "/lib64/libc.so.6", O_RDONLY|O_CLOEXEC <unfinished ...>
125597 <... openat resumed>)            = 3</usr/lib64/libpcre.so.1.2.12>
125598 <... openat resumed>)            = 3</usr/lib64/libc-2.31.so>
125596 <... close resumed>)             = 0
125598 read(3</usr/lib64/libc-2.31.so>,  <unfinished ...>
125597 read(3</usr/lib64/libpcre.so.1.2.12>,  <unfinished ...>
125598 <... read resumed>"\177ELF\2\1\1\3\0\0\0\0\0\0\0\0\3\0>\0\1\0\0\0\300q\2\0\0\0\0\0"..., 832) = 832
125596 openat(AT_FDCWD, "/lib64/libdl.so.2", O_RDONLY|O_CLOEXEC <unfinished ...>
125598 pread64(3</usr/lib64/libc-2.31.so>,  <unfinished ...>
125597 <... read resumed>"\177ELF\2\1\1\0\0\0\0\0\0\0\0\0\3\0>\0\1\0\0\0\260#\0\0\0\0\0\0"..., 832) = 832
125598 <... pread64 resumed>"\6\0\0\0\4\0\0\0@\0\0\0\0\0\0\0@\0\0\0\0\0\0\0@\0\0\0\0\0\0\0"..., 784, 64) = 784
125596 <... openat resumed>)            = 3</usr/lib64/libdl-2.31.so>
125598 pread64(3</usr/lib64/libc-2.31.so>,  <unfinished ...>
125597 fstat(3</usr/lib64/libpcre.so.1.2.12>,  <unfinished ...>
125598 <... pread64 resumed>"\4\0\0\0 \0\0\0\5\0\0\0GNU\0\1\0\0\300\4\0\0\0\330\1\0\0\0\0\0\0"..., 48, 848) = 48
125596 read(3</usr/lib64/libdl-2.31.so>,  <unfinished ...>
125598 pread64(3</usr/lib64/libc-2.31.so>,  <unfinished ...>
125597 <... fstat resumed>{st_mode=S_IFREG|0755, st_size=493480, ...}) = 0
125598 <... pread64 resumed>"\4\0\0\0\24\0\0\0\3\0\0\0GNU\0\312\371\321\345\307uo!\206-\356\341\274\f\357\206"..., 68, 896) = 68
125596 <... read resumed>"\177ELF\2\1\1\0\0\0\0\0\0\0\0\0\3\0>\0\1\0\0\0p\"\0\0\0\0\0\0"..., 832) = 832
125598 fstat(3</usr/lib64/libc-2.31.so>,  <unfinished ...>
125597 mmap(NULL, 8192, PROT_READ|PROT_WRITE, MAP_PRIVATE|MAP_ANONYMOUS, -1, 0 <unfinished ...>
125598 <... fstat resumed>{st_mode=S_IFREG|0755, st_size=3183216, ...}) = 0
125596 fstat(3</usr/lib64/libdl-2.31.so>,  <unfinished ...>
125598 mmap(NULL, 8192, PROT_READ|PROT_WRITE, MAP_PRIVATE|MAP_ANONYMOUS, -1, 0 <unfinished ...>
125597 <... mmap resumed>)              = 0x7f5beea94000
125598 <... mmap resumed>)              = 0x7f5a7a0cd000
125596 <... fstat resumed>{st_mode=S_IFREG|0755, st_size=36800, ...}) = 0
125598 pread64(3</usr/lib64/libc-2.31.so>,  <unfinished ...>
125597 mmap(NULL, 491784, PROT_READ, MAP_PRIVATE|MAP_DENYWRITE, 3</usr/lib64/libpcre.so.1.2.12>, 0 <unfinished ...>
125598 <... pread64 resumed>"\6\0\0\0\4\0\0\0@\0\0\0\0\0\0\0@\0\0\0\0\0\0\0@\0\0\0\0\0\0\0"..., 784, 64) = 784
125596 mmap(NULL, 24688, PROT_READ, MAP_PRIVATE|MAP_DENYWRITE, 3</usr/lib64/libdl-2.31.so>, 0 <unfinished ...>
125598 pread64(3</usr/lib64/libc-2.31.so>,  <unfinished ...>
125597 <... mmap resumed>)              = 0x7f5beea1b000
125598 <... pread64 resumed>"\4\0\0\0 \0\0\0\5\0\0\0GNU\0\1\0\0\300\4\0\0\0\330\1\0\0\0\0\0\0"..., 48, 848) = 48
125596 <... mmap resumed>)              = 0x7f6016a6d000
125598 pread64(3</usr/lib64/libc-2.31.so>,  <unfinished ...>
125597 mprotect(0x7f5beea1d000, 479232, PROT_NONE <unfinished ...>
125598 <... pread64 resumed>"\4\0\0\0\24\0\0\0\3\0\0\0GNU\0\312\371\321\345\307uo!\206-\356\341\274\f\357\206"..., 68, 896) = 68
125596 mmap(0x7f6016a6f000, 8192, PROT_READ|PROT_EXEC, MAP_PRIVATE|MAP_FIXED|MAP_DENYWRITE, 3</usr/lib64/libdl-2.31.so>, 0x2000 <unfinished ...>
125598 mmap(NULL, 1872744, PROT_READ, MAP_PRIVATE|MAP_DENYWRITE, 3</usr/lib64/libc-2.31.so>, 0 <unfinished ...>
125597 <... mprotect resumed>)          = 0
125598 <... mmap resumed>)              = 0x7f5a79f03000
125596 <... mmap resumed>)              = 0x7f6016a6f000
125598 mmap(0x7f5a79f28000, 1376256, PROT_READ|PROT_EXEC, MAP_PRIVATE|MAP_FIXED|MAP_DENYWRITE, 3</usr/lib64/libc-2.31.so>, 0x25000 <unfinished ...>
125597 mmap(0x7f5beea1d000, 352256, PROT_READ|PROT_EXEC, MAP_PRIVATE|MAP_FIXED|MAP_DENYWRITE, 3</usr/lib64/libpcre.so.1.2.12>, 0x2000 <unfinished ...>
125598 <... mmap resumed>)              = 0x7f5a79f28000
125596 mmap(0x7f6016a71000, 4096, PROT_READ, MAP_PRIVATE|MAP_FIXED|MAP_DENYWRITE, 3</usr/lib64/libdl-2.31.so>, 0x4000 <unfinished ...>
125598 mmap(0x7f5a7a078000, 307200, PROT_READ, MAP_PRIVATE|MAP_FIXED|MAP_DENYWRITE, 3</usr/lib64/libc-2.31.so>, 0x175000 <unfinished ...>
125597 <... mmap resumed>)              = 0x7f5beea1d000
125596 <... mmap resumed>)              = 0x7f6016a71000
125598 <... mmap resumed>)              = 0x7f5a7a078000
125597 mmap(0x7f5beea73000, 122880, PROT_READ, MAP_PRIVATE|MAP_FIXED|MAP_DENYWRITE, 3</usr/lib64/libpcre.so.1.2.12>, 0x58000 <unfinished ...>
125598 mmap(0x7f5a7a0c3000, 24576, PROT_READ|PROT_WRITE, MAP_PRIVATE|MAP_FIXED|MAP_DENYWRITE, 3</usr/lib64/libc-2.31.so>, 0x1bf000 <unfinished ...>
125596 mmap(0x7f6016a72000, 4096, PROT_READ|PROT_WRITE, MAP_PRIVATE|MAP_FIXED|MAP_DENYWRITE, 3</usr/lib64/libdl-2.31.so>, 0x4000 <unfinished ...>
125598 <... mmap resumed>)              = 0x7f5a7a0c3000
125597 <... mmap resumed>)              = 0x7f5beea73000
125598 mmap(0x7f5a7a0c9000, 13160, PROT_READ|PROT_WRITE, MAP_PRIVATE|MAP_FIXED|MAP_ANONYMOUS, -1, 0 <unfinished ...>
125596 <... mmap resumed>)              = 0x7f6016a72000
125598 <... mmap resumed>)              = 0x7f5a7a0c9000
125597 mmap(0x7f5beea92000, 8192, PROT_READ|PROT_WRITE, MAP_PRIVATE|MAP_FIXED|MAP_DENYWRITE, 3</usr/lib64/libpcre.so.1.2.12>, 0x76000 <unfinished ...>
125598 close(3</usr/lib64/libc-2.31.so> <unfinished ...>
125596 mmap(0x7f6016a73000, 112, PROT_READ|PROT_WRITE, MAP_PRIVATE|MAP_FIXED|MAP_ANONYMOUS, -1, 0 <unfinished ...>
125598 <... close resumed>)             = 0
125597 <... mmap resumed>)              = 0x7f5beea92000
125596 <... mmap resumed>)              = 0x7f6016a73000
125598 arch_prctl(ARCH_SET_FS, 0x7f5a7a0ce580 <unfinished ...>
125597 close(3</usr/lib64/libpcre.so.1.2.12> <unfinished ...>
125596 close(3</usr/lib64/libdl-2.31.so> <unfinished ...>
125598 <... arch_prctl resumed>)        = 0
125597 <... close resumed>)             = 0
125596 <... close resumed>)             = 0
125597 openat(AT_FDCWD, "/lib64/libc.so.6", O_RDONLY|O_CLOEXEC <unfinished ...>
125596 openat(AT_FDCWD, "/lib64/libc.so.6", O_RDONLY|O_CLOEXEC <unfinished ...>
125597 <... openat resumed>)            = 3</usr/lib64/libc-2.31.so>
125598 mprotect(0x7f5a7a0c3000, 12288, PROT_READ <unfinished ...>
125596 <... openat resumed>)            = 3</usr/lib64/libc-2.31.so>
125598 <... mprotect resumed>)          = 0
125597 read(3</usr/lib64/libc-2.31.so>,  <unfinished ...>
125596 read(3</usr/lib64/libc-2.31.so>,  <unfinished ...>
125598 mprotect(0x556d70411000, 4096, PROT_READ <unfinished ...>
125597 <... read resumed>"\177ELF\2\1\1\3\0\0\0\0\0\0\0\0\3\0>\0\1\0\0\0\300q\2\0\0\0\0\0"..., 832) = 832
125598 <... mprotect resumed>)          = 0
125596 <... read resumed>"\177ELF\2\1\1\3\0\0\0\0\0\0\0\0\3\0>\0\1\0\0\0\300q\2\0\0\0\0\0"..., 832) = 832
125598 mprotect(0x7f5a7a125000, 4096, PROT_READ <unfinished ...>
125597 pread64(3</usr/lib64/libc-2.31.so>,  <unfinished ...>
125598 <... mprotect resumed>)          = 0
125596 pread64(3</usr/lib64/libc-2.31.so>,  <unfinished ...>
125598 munmap(0x7f5a7a0cf000, 168710 <unfinished ...>
125597 <... pread64 resumed>"\6\0\0\0\4\0\0\0@\0\0\0\0\0\0\0@\0\0\0\0\0\0\0@\0\0\0\0\0\0\0"..., 784, 64) = 784
125596 <... pread64 resumed>"\6\0\0\0\4\0\0\0@\0\0\0\0\0\0\0@\0\0\0\0\0\0\0@\0\0\0\0\0\0\0"..., 784, 64) = 784
125598 <... munmap resumed>)            = 0
125597 pread64(3</usr/lib64/libc-2.31.so>,  <unfinished ...>
125596 pread64(3</usr/lib64/libc-2.31.so>,  <unfinished ...>
125597 <... pread64 resumed>"\4\0\0\0 \0\0\0\5\0\0\0GNU\0\1\0\0\300\4\0\0\0\330\1\0\0\0\0\0\0"..., 48, 848) = 48
125596 <... pread64 resumed>"\4\0\0\0 \0\0\0\5\0\0\0GNU\0\1\0\0\300\4\0\0\0\330\1\0\0\0\0\0\0"..., 48, 848) = 48
125597 pread64(3</usr/lib64/libc-2.31.so>,  <unfinished ...>
125596 pread64(3</usr/lib64/libc-2.31.so>,  <unfinished ...>
125597 <... pread64 resumed>"\4\0\0\0\24\0\0\0\3\0\0\0GNU\0\312\371\321\345\307uo!\206-\356\341\274\f\357\206"..., 68, 896) = 68
125598 brk(NULL <unfinished ...>
125596 <... pread64 resumed>"\4\0\0\0\24\0\0\0\3\0\0\0GNU\0\312\371\321\345\307uo!\206-\356\341\274\f\357\206"..., 68, 896) = 68
125598 <... brk resumed>)               = 0x556d7172b000
125597 fstat(3</usr/lib64/libc-2.31.so>,  <unfinished ...>
125598 brk(0x556d7174c000 <unfinished ...>
125596 fstat(3</usr/lib64/libc-2.31.so>,  <unfinished ...>
125598 <... brk resumed>)               = 0x556d7174c000
125597 <... fstat resumed>{st_mode=S_IFREG|0755, st_size=3183216, ...}) = 0
125598 brk(NULL <unfinished ...>
125596 <... fstat resumed>{st_mode=S_IFREG|0755, st_size=3183216, ...}) = 0
125598 <... brk resumed>)               = 0x556d7174c000
125597 pread64(3</usr/lib64/libc-2.31.so>,  <unfinished ...>
125598 openat(AT_FDCWD, "/usr/lib/locale/locale-archive", O_RDONLY|O_CLOEXEC <unfinished ...>
125596 pread64(3</usr/lib64/libc-2.31.so>,  <unfinished ...>
125598 <... openat resumed>)            = 3</usr/lib/locale/locale-archive>
125597 <... pread64 resumed>"\6\0\0\0\4\0\0\0@\0\0\0\0\0\0\0@\0\0\0\0\0\0\0@\0\0\0\0\0\0\0"..., 784, 64) = 784
125598 fstat(3</usr/lib/locale/locale-archive>,  <unfinished ...>
125596 <... pread64 resumed>"\6\0\0\0\4\0\0\0@\0\0\0\0\0\0\0@\0\0\0\0\0\0\0@\0\0\0\0\0\0\0"..., 784, 64) = 784
125598 <... fstat resumed>{st_mode=S_IFREG|0644, st_size=218049136, ...}) = 0
125597 pread64(3</usr/lib64/libc-2.31.so>,  <unfinished ...>
125598 mmap(NULL, 218049136, PROT_READ, MAP_PRIVATE, 3</usr/lib/locale/locale-archive>, 0 <unfinished ...>
125596 pread64(3</usr/lib64/libc-2.31.so>,  <unfinished ...>
125598 <... mmap resumed>)              = 0x7f5a6cf10000
125597 <... pread64 resumed>"\4\0\0\0 \0\0\0\5\0\0\0GNU\0\1\0\0\300\4\0\0\0\330\1\0\0\0\0\0\0"..., 48, 848) = 48
125598 close(3</usr/lib/locale/locale-archive> <unfinished ...>
125596 <... pread64 resumed>"\4\0\0\0 \0\0\0\5\0\0\0GNU\0\1\0\0\300\4\0\0\0\330\1\0\0\0\0\0\0"..., 48, 848) = 48
125598 <... close resumed>)             = 0
125597 pread64(3</usr/lib64/libc-2.31.so>,  <unfinished ...>
125596 pread64(3</usr/lib64/libc-2.31.so>,  <unfinished ...>
125597 <... pread64 resumed>"\4\0\0\0\24\0\0\0\3\0\0\0GNU\0\312\371\321\345\307uo!\206-\356\341\274\f\357\206"..., 68, 896) = 68
125596 <... pread64 resumed>"\4\0\0\0\24\0\0\0\3\0\0\0GNU\0\312\371\321\345\307uo!\206-\356\341\274\f\357\206"..., 68, 896) = 68
125597 mmap(NULL, 1872744, PROT_READ, MAP_PRIVATE|MAP_DENYWRITE, 3</usr/lib64/libc-2.31.so>, 0 <unfinished ...>
125596 mmap(NULL, 1872744, PROT_READ, MAP_PRIVATE|MAP_DENYWRITE, 3</usr/lib64/libc-2.31.so>, 0 <unfinished ...>
125598 openat(AT_FDCWD, "/usr/share/locale/locale.alias", O_RDONLY|O_CLOEXEC <unfinished ...>
125597 <... mmap resumed>)              = 0x7f5bee851000
125598 <... openat resumed>)            = 3</usr/share/locale/locale.alias>
125596 <... mmap resumed>)              = 0x7f60168a3000
125598 fstat(3</usr/share/locale/locale.alias>,  <unfinished ...>
125597 mmap(0x7f5bee876000, 1376256, PROT_READ|PROT_EXEC, MAP_PRIVATE|MAP_FIXED|MAP_DENYWRITE, 3</usr/lib64/libc-2.31.so>, 0x25000 <unfinished ...>
125598 <... fstat resumed>{st_mode=S_IFREG|0644, st_size=2998, ...}) = 0
125596 mmap(0x7f60168c8000, 1376256, PROT_READ|PROT_EXEC, MAP_PRIVATE|MAP_FIXED|MAP_DENYWRITE, 3</usr/lib64/libc-2.31.so>, 0x25000 <unfinished ...>
125598 read(3</usr/share/locale/locale.alias>,  <unfinished ...>
125597 <... mmap resumed>)              = 0x7f5bee876000
125598 <... read resumed>"# Locale name alias data base.\n#"..., 4096) = 2998
125596 <... mmap resumed>)              = 0x7f60168c8000
125597 mmap(0x7f5bee9c6000, 307200, PROT_READ, MAP_PRIVATE|MAP_FIXED|MAP_DENYWRITE, 3</usr/lib64/libc-2.31.so>, 0x175000 <unfinished ...>
125598 read(3</usr/share/locale/locale.alias>,  <unfinished ...>
125596 mmap(0x7f6016a18000, 307200, PROT_READ, MAP_PRIVATE|MAP_FIXED|MAP_DENYWRITE, 3</usr/lib64/libc-2.31.so>, 0x175000 <unfinished ...>
125598 <... read resumed>"", 4096)      = 0
125597 <... mmap resumed>)              = 0x7f5bee9c6000
125598 close(3</usr/share/locale/locale.alias> <unfinished ...>
125596 <... mmap resumed>)              = 0x7f6016a18000
125598 <... close resumed>)             = 0
125597 mmap(0x7f5beea11000, 24576, PROT_READ|PROT_WRITE, MAP_PRIVATE|MAP_FIXED|MAP_DENYWRITE, 3</usr/lib64/libc-2.31.so>, 0x1bf000 <unfinished ...>
125596 mmap(0x7f6016a63000, 24576, PROT_READ|PROT_WRITE, MAP_PRIVATE|MAP_FIXED|MAP_DENYWRITE, 3</usr/lib64/libc-2.31.so>, 0x1bf000 <unfinished ...>
125598 openat(AT_FDCWD, "/usr/share/locale/en_US.UTF-8/LC_MESSAGES/coreutils.mo", O_RDONLY <unfinished ...>
125597 <... mmap resumed>)              = 0x7f5beea11000
125598 <... openat resumed>)            = -1 ENOENT (No such file or directory)
125596 <... mmap resumed>)              = 0x7f6016a63000
125598 openat(AT_FDCWD, "/usr/share/locale/en_US.utf8/LC_MESSAGES/coreutils.mo", O_RDONLY <unfinished ...>
125597 mmap(0x7f5beea17000, 13160, PROT_READ|PROT_WRITE, MAP_PRIVATE|MAP_FIXED|MAP_ANONYMOUS, -1, 0 <unfinished ...>
125598 <... openat resumed>)            = -1 ENOENT (No such file or directory)
125596 mmap(0x7f6016a69000, 13160, PROT_READ|PROT_WRITE, MAP_PRIVATE|MAP_FIXED|MAP_ANONYMOUS, -1, 0 <unfinished ...>
125598 openat(AT_FDCWD, "/usr/share/locale/en_US/LC_MESSAGES/coreutils.mo", O_RDONLY <unfinished ...>
125597 <... mmap resumed>)              = 0x7f5beea17000
125598 <... openat resumed>)            = -1 ENOENT (No such file or directory)
125596 <... mmap resumed>)              = 0x7f6016a69000
125598 openat(AT_FDCWD, "/usr/share/locale/en.UTF-8/LC_MESSAGES/coreutils.mo", O_RDONLY <unfinished ...>
125597 close(3</usr/lib64/libc-2.31.so> <unfinished ...>
125598 <... openat resumed>)            = -1 ENOENT (No such file or directory)
125596 close(3</usr/lib64/libc-2.31.so> <unfinished ...>
125598 openat(AT_FDCWD, "/usr/share/locale/en.utf8/LC_MESSAGES/coreutils.mo", O_RDONLY <unfinished ...>
125597 <... close resumed>)             = 0
125598 <... openat resumed>)            = -1 ENOENT (No such file or directory)
125596 <... close resumed>)             = 0
125598 openat(AT_FDCWD, "/usr/share/locale/en/LC_MESSAGES/coreutils.mo", O_RDONLY <unfinished ...>
125597 openat(AT_FDCWD, "/lib64/libpthread.so.0", O_RDONLY|O_CLOEXEC <unfinished ...>
125598 <... openat resumed>)            = -1 ENOENT (No such file or directory)
125596 openat(AT_FDCWD, "/lib64/libsystemd.so.0", O_RDONLY|O_CLOEXEC <unfinished ...>
125598 fadvise64(0<pipe:[963545]>, 0, 0, POSIX_FADV_SEQUENTIAL <unfinished ...>
125597 <... openat resumed>)            = 3</usr/lib64/libpthread-2.31.so>
125598 <... fadvise64 resumed>)         = -1 ESPIPE (Illegal seek)
125596 <... openat resumed>)            = 3</usr/lib64/libsystemd.so.0.28.0>
125598 read(0<pipe:[963545]>,  <unfinished ...>
125597 read(3</usr/lib64/libpthread-2.31.so>,  <unfinished ...>
125596 read(3</usr/lib64/libsystemd.so.0.28.0>,  <unfinished ...>
125597 <... read resumed>"\177ELF\2\1\1\0\0\0\0\0\0\0\0\0\3\0>\0\1\0\0\0\240\201\0\0\0\0\0\0"..., 832) = 832
125596 <... read resumed>"\177ELF\2\1\1\0\0\0\0\0\0\0\0\0\3\0>\0\1\0\0\0\360B\1\0\0\0\0\0"..., 832) = 832
125597 pread64(3</usr/lib64/libpthread-2.31.so>,  <unfinished ...>
125596 fstat(3</usr/lib64/libsystemd.so.0.28.0>,  <unfinished ...>
125597 <... pread64 resumed>"\4\0\0\0 \0\0\0\5\0\0\0GNU\0\1\0\0\300\4\0\0\0\30\0\0\0\0\0\0\0"..., 48, 792) = 48
125596 <... fstat resumed>{st_mode=S_IFREG|0755, st_size=754984, ...}) = 0
125597 pread64(3</usr/lib64/libpthread-2.31.so>,  <unfinished ...>
125596 mmap(NULL, 746648, PROT_READ, MAP_PRIVATE|MAP_DENYWRITE, 3</usr/lib64/libsystemd.so.0.28.0>, 0 <unfinished ...>
125597 <... pread64 resumed>"\4\0\0\0\24\0\0\0\3\0\0\0GNU\0iz\370'g$\33\33\17\327eA\260uo\244"..., 68, 840) = 68
125596 <... mmap resumed>)              = 0x7f60167ec000
125597 fstat(3</usr/lib64/libpthread-2.31.so>,  <unfinished ...>
125596 mmap(0x7f60167fd000, 491520, PROT_READ|PROT_EXEC, MAP_PRIVATE|MAP_FIXED|MAP_DENYWRITE, 3</usr/lib64/libsystemd.so.0.28.0>, 0x11000 <unfinished ...>
125597 <... fstat resumed>{st_mode=S_IFREG|0755, st_size=317728, ...}) = 0
125596 <... mmap resumed>)              = 0x7f60167fd000
125597 pread64(3</usr/lib64/libpthread-2.31.so>,  <unfinished ...>
125596 mmap(0x7f6016875000, 163840, PROT_READ, MAP_PRIVATE|MAP_FIXED|MAP_DENYWRITE, 3</usr/lib64/libsystemd.so.0.28.0>, 0x89000 <unfinished ...>
125597 <... pread64 resumed>"\4\0\0\0 \0\0\0\5\0\0\0GNU\0\1\0\0\300\4\0\0\0\30\0\0\0\0\0\0\0"..., 48, 792) = 48
125596 <... mmap resumed>)              = 0x7f6016875000
125597 pread64(3</usr/lib64/libpthread-2.31.so>,  <unfinished ...>
125596 mmap(0x7f601689d000, 20480, PROT_READ|PROT_WRITE, MAP_PRIVATE|MAP_FIXED|MAP_DENYWRITE, 3</usr/lib64/libsystemd.so.0.28.0>, 0xb0000 <unfinished ...>
125597 <... pread64 resumed>"\4\0\0\0\24\0\0\0\3\0\0\0GNU\0iz\370'g$\33\33\17\327eA\260uo\244"..., 68, 840) = 68
125596 <... mmap resumed>)              = 0x7f601689d000
125597 mmap(NULL, 135600, PROT_READ, MAP_PRIVATE|MAP_DENYWRITE, 3</usr/lib64/libpthread-2.31.so>, 0 <unfinished ...>
125596 mmap(0x7f60168a2000, 1176, PROT_READ|PROT_WRITE, MAP_PRIVATE|MAP_FIXED|MAP_ANONYMOUS, -1, 0 <unfinished ...>
125597 <... mmap resumed>)              = 0x7f5bee82f000
125596 <... mmap resumed>)              = 0x7f60168a2000
125597 mmap(0x7f5bee836000, 65536, PROT_READ|PROT_EXEC, MAP_PRIVATE|MAP_FIXED|MAP_DENYWRITE, 3</usr/lib64/libpthread-2.31.so>, 0x7000 <unfinished ...>
125596 close(3</usr/lib64/libsystemd.so.0.28.0> <unfinished ...>
125597 <... mmap resumed>)              = 0x7f5bee836000
125596 <... close resumed>)             = 0
125597 mmap(0x7f5bee846000, 20480, PROT_READ, MAP_PRIVATE|MAP_FIXED|MAP_DENYWRITE, 3</usr/lib64/libpthread-2.31.so>, 0x17000 <unfinished ...>
125596 openat(AT_FDCWD, "/lib64/librt.so.1", O_RDONLY|O_CLOEXEC <unfinished ...>
125597 <... mmap resumed>)              = 0x7f5bee846000
125597 mmap(0x7f5bee84b000, 8192, PROT_READ|PROT_WRITE, MAP_PRIVATE|MAP_FIXED|MAP_DENYWRITE, 3</usr/lib64/libpthread-2.31.so>, 0x1b000 <unfinished ...>
125596 <... openat resumed>)            = 3</usr/lib64/librt-2.31.so>
125597 <... mmap resumed>)              = 0x7f5bee84b000
125596 read(3</usr/lib64/librt-2.31.so>,  <unfinished ...>
125597 mmap(0x7f5bee84d000, 12720, PROT_READ|PROT_WRITE, MAP_PRIVATE|MAP_FIXED|MAP_ANONYMOUS, -1, 0 <unfinished ...>
125596 <... read resumed>"\177ELF\2\1\1\0\0\0\0\0\0\0\0\0\3\0>\0\1\0\0\0\0207\0\0\0\0\0\0"..., 832) = 832
125597 <... mmap resumed>)              = 0x7f5bee84d000
125596 fstat(3</usr/lib64/librt-2.31.so>,  <unfinished ...>
125597 close(3</usr/lib64/libpthread-2.31.so> <unfinished ...>
125596 <... fstat resumed>{st_mode=S_IFREG|0755, st_size=75776, ...}) = 0
125597 <... close resumed>)             = 0
125596 mmap(NULL, 43488, PROT_READ, MAP_PRIVATE|MAP_DENYWRITE, 3</usr/lib64/librt-2.31.so>, 0 <unfinished ...>
125597 mmap(NULL, 12288, PROT_READ|PROT_WRITE, MAP_PRIVATE|MAP_ANONYMOUS, -1, 0 <unfinished ...>
125596 <... mmap resumed>)              = 0x7f60167e1000
125597 <... mmap resumed>)              = 0x7f5bee82c000
125596 mprotect(0x7f60167e4000, 24576, PROT_NONE <unfinished ...>
125597 arch_prctl(ARCH_SET_FS, 0x7f5bee82c740) = 0
125596 <... mprotect resumed>)          = 0
125596 mmap(0x7f60167e4000, 16384, PROT_READ|PROT_EXEC, MAP_PRIVATE|MAP_FIXED|MAP_DENYWRITE, 3</usr/lib64/librt-2.31.so>, 0x3000) = 0x7f60167e4000
125597 mprotect(0x7f5beea11000, 12288, PROT_READ <unfinished ...>
125596 mmap(0x7f60167e8000, 4096, PROT_READ, MAP_PRIVATE|MAP_FIXED|MAP_DENYWRITE, 3</usr/lib64/librt-2.31.so>, 0x7000 <unfinished ...>
125597 <... mprotect resumed>)          = 0
125596 <... mmap resumed>)              = 0x7f60167e8000
125596 mmap(0x7f60167ea000, 8192, PROT_READ|PROT_WRITE, MAP_PRIVATE|MAP_FIXED|MAP_DENYWRITE, 3</usr/lib64/librt-2.31.so>, 0x8000 <unfinished ...>
125597 mprotect(0x7f5bee84b000, 4096, PROT_READ <unfinished ...>
125596 <... mmap resumed>)              = 0x7f60167ea000
125597 <... mprotect resumed>)          = 0
125596 close(3</usr/lib64/librt-2.31.so> <unfinished ...>
125597 mprotect(0x7f5beea92000, 4096, PROT_READ <unfinished ...>
125596 <... close resumed>)             = 0
125597 <... mprotect resumed>)          = 0
125596 openat(AT_FDCWD, "/lib64/liblzma.so.5", O_RDONLY|O_CLOEXEC) = 3</usr/lib64/liblzma.so.5.2.5>
125597 mprotect(0x55f107a4a000, 4096, PROT_READ <unfinished ...>
125596 read(3</usr/lib64/liblzma.so.5.2.5>,  <unfinished ...>
125597 <... mprotect resumed>)          = 0
125596 <... read resumed>"\177ELF\2\1\1\0\0\0\0\0\0\0\0\0\3\0>\0\1\0\0\0\3609\0\0\0\0\0\0"..., 832) = 832
125597 mprotect(0x7f5beeaec000, 4096, PROT_READ <unfinished ...>
125596 fstat(3</usr/lib64/liblzma.so.5.2.5>,  <unfinished ...>
125597 <... mprotect resumed>)          = 0
125596 <... fstat resumed>{st_mode=S_IFREG|0755, st_size=170184, ...}) = 0
125597 munmap(0x7f5beea96000, 168710 <unfinished ...>
125596 mmap(NULL, 167944, PROT_READ, MAP_PRIVATE|MAP_DENYWRITE, 3</usr/lib64/liblzma.so.5.2.5>, 0 <unfinished ...>
125597 <... munmap resumed>)            = 0
125596 <... mmap resumed>)              = 0x7f60167b7000
125597 set_tid_address(0x7f5bee82ca10 <unfinished ...>
125596 mprotect(0x7f60167ba000, 151552, PROT_NONE <unfinished ...>
125597 <... set_tid_address resumed>)   = 125597
125597 set_robust_list(0x7f5bee82ca20, 24 <unfinished ...>
125596 <... mprotect resumed>)          = 0
125597 <... set_robust_list resumed>)   = 0
125596 mmap(0x7f60167ba000, 102400, PROT_READ|PROT_EXEC, MAP_PRIVATE|MAP_FIXED|MAP_DENYWRITE, 3</usr/lib64/liblzma.so.5.2.5>, 0x3000 <unfinished ...>
125597 rt_sigaction(SIGRTMIN, {sa_handler=0x7f5bee836c00, sa_mask=[], sa_flags=SA_RESTORER|SA_SIGINFO, sa_restorer=0x7f5bee843a90},  <unfinished ...>
125596 <... mmap resumed>)              = 0x7f60167ba000
125597 <... rt_sigaction resumed>NULL, 8) = 0
125596 mmap(0x7f60167d3000, 45056, PROT_READ, MAP_PRIVATE|MAP_FIXED|MAP_DENYWRITE, 3</usr/lib64/liblzma.so.5.2.5>, 0x1c000 <unfinished ...>
125597 rt_sigaction(SIGRT_1, {sa_handler=0x7f5bee836ca0, sa_mask=[], sa_flags=SA_RESTORER|SA_RESTART|SA_SIGINFO, sa_restorer=0x7f5bee843a90},  <unfinished ...>
125596 <... mmap resumed>)              = 0x7f60167d3000
125597 <... rt_sigaction resumed>NULL, 8) = 0
125596 mmap(0x7f60167df000, 4096, PROT_READ|PROT_WRITE, MAP_PRIVATE|MAP_FIXED|MAP_DENYWRITE, 3</usr/lib64/liblzma.so.5.2.5>, 0x27000 <unfinished ...>
125597 rt_sigprocmask(SIG_UNBLOCK, [RTMIN RT_1],  <unfinished ...>
125596 <... mmap resumed>)              = 0x7f60167df000
125597 <... rt_sigprocmask resumed>NULL, 8) = 0
125596 mmap(0x7f60167e0000, 8, PROT_READ|PROT_WRITE, MAP_PRIVATE|MAP_FIXED|MAP_ANONYMOUS, -1, 0 <unfinished ...>
125597 prlimit64(0, RLIMIT_STACK, NULL,  <unfinished ...>
125596 <... mmap resumed>)              = 0x7f60167e0000
125597 <... prlimit64 resumed>{rlim_cur=8192*1024, rlim_max=RLIM64_INFINITY}) = 0
125596 close(3</usr/lib64/liblzma.so.5.2.5>) = 0
125596 openat(AT_FDCWD, "/lib64/liblz4.so.1", O_RDONLY|O_CLOEXEC) = 3</usr/lib64/liblz4.so.1.9.1>
125597 brk(NULL <unfinished ...>
125596 read(3</usr/lib64/liblz4.so.1.9.1>,  <unfinished ...>
125597 <... brk resumed>)               = 0x55f107f5f000
125596 <... read resumed>"\177ELF\2\1\1\0\0\0\0\0\0\0\0\0\3\0>\0\1\0\0\0000%\0\0\0\0\0\0"..., 832) = 832
125597 brk(0x55f107f80000 <unfinished ...>
125596 fstat(3</usr/lib64/liblz4.so.1.9.1>,  <unfinished ...>
125597 <... brk resumed>)               = 0x55f107f80000
125596 <... fstat resumed>{st_mode=S_IFREG|0755, st_size=132048, ...}) = 0
125597 brk(NULL <unfinished ...>
125596 mmap(NULL, 8192, PROT_READ|PROT_WRITE, MAP_PRIVATE|MAP_ANONYMOUS, -1, 0 <unfinished ...>
125597 <... brk resumed>)               = 0x55f107f80000
125596 <... mmap resumed>)              = 0x7f60167b5000
125597 openat(AT_FDCWD, "/usr/lib/locale/locale-archive", O_RDONLY|O_CLOEXEC <unfinished ...>
125596 mmap(NULL, 131080, PROT_READ, MAP_PRIVATE|MAP_DENYWRITE, 3</usr/lib64/liblz4.so.1.9.1>, 0 <unfinished ...>
125597 <... openat resumed>)            = 3</usr/lib/locale/locale-archive>
125596 <... mmap resumed>)              = 0x7f6016794000
125597 fstat(3</usr/lib/locale/locale-archive>,  <unfinished ...>
125596 mmap(0x7f6016796000, 106496, PROT_READ|PROT_EXEC, MAP_PRIVATE|MAP_FIXED|MAP_DENYWRITE, 3</usr/lib64/liblz4.so.1.9.1>, 0x2000 <unfinished ...>
125597 <... fstat resumed>{st_mode=S_IFREG|0644, st_size=218049136, ...}) = 0
125597 mmap(NULL, 218049136, PROT_READ, MAP_PRIVATE, 3</usr/lib/locale/locale-archive>, 0 <unfinished ...>
125596 <... mmap resumed>)              = 0x7f6016796000
125597 <... mmap resumed>)              = 0x7f5be1839000
125596 mmap(0x7f60167b0000, 12288, PROT_READ, MAP_PRIVATE|MAP_FIXED|MAP_DENYWRITE, 3</usr/lib64/liblz4.so.1.9.1>, 0x1c000 <unfinished ...>
125597 close(3</usr/lib/locale/locale-archive> <unfinished ...>
125596 <... mmap resumed>)              = 0x7f60167b0000
125597 <... close resumed>)             = 0
125596 mmap(0x7f60167b3000, 4096, PROT_READ|PROT_WRITE, MAP_PRIVATE|MAP_FIXED|MAP_DENYWRITE, 3</usr/lib64/liblz4.so.1.9.1>, 0x1e000) = 0x7f60167b3000
125596 mmap(0x7f60167b4000, 8, PROT_READ|PROT_WRITE, MAP_PRIVATE|MAP_FIXED|MAP_ANONYMOUS, -1, 0 <unfinished ...>
125597 openat(AT_FDCWD, "/usr/lib64/gconv/gconv-modules.cache", O_RDONLY <unfinished ...>
125596 <... mmap resumed>)              = 0x7f60167b4000
125597 <... openat resumed>)            = 3</usr/lib64/gconv/gconv-modules.cache>
125596 close(3</usr/lib64/liblz4.so.1.9.1> <unfinished ...>
125597 fstat(3</usr/lib64/gconv/gconv-modules.cache>,  <unfinished ...>
125596 <... close resumed>)             = 0
125597 <... fstat resumed>{st_mode=S_IFREG|0644, st_size=26998, ...}) = 0
125596 openat(AT_FDCWD, "/lib64/libgcrypt.so.20", O_RDONLY|O_CLOEXEC <unfinished ...>
125597 mmap(NULL, 26998, PROT_READ, MAP_SHARED, 3</usr/lib64/gconv/gconv-modules.cache>, 0 <unfinished ...>
125596 <... openat resumed>)            = 3</usr/lib64/libgcrypt.so.20.2.5>
125597 <... mmap resumed>)              = 0x7f5beeab9000
125596 read(3</usr/lib64/libgcrypt.so.20.2.5>,  <unfinished ...>
125597 close(3</usr/lib64/gconv/gconv-modules.cache> <unfinished ...>
125596 <... read resumed>"\177ELF\2\1\1\0\0\0\0\0\0\0\0\0\3\0>\0\1\0\0\0\300\305\0\0\0\0\0\0"..., 832) = 832
125597 <... close resumed>)             = 0
125596 fstat(3</usr/lib64/libgcrypt.so.20.2.5>,  <unfinished ...>
125597 futex(0x7f5beea164dc, FUTEX_WAKE_PRIVATE, 2147483647 <unfinished ...>
125596 <... fstat resumed>{st_mode=S_IFREG|0755, st_size=1195808, ...}) = 0
125597 <... futex resumed>)             = 0
125596 mmap(NULL, 1183640, PROT_READ, MAP_PRIVATE|MAP_DENYWRITE, 3</usr/lib64/libgcrypt.so.20.2.5>, 0 <unfinished ...>
125597 sigaltstack({ss_sp=0x55f107a4b960, ss_flags=0, ss_size=8192},  <unfinished ...>
125596 <... mmap resumed>)              = 0x7f6016673000
125597 <... sigaltstack resumed>NULL)   = 0
125596 mmap(0x7f601667f000, 860160, PROT_READ|PROT_EXEC, MAP_PRIVATE|MAP_FIXED|MAP_DENYWRITE, 3</usr/lib64/libgcrypt.so.20.2.5>, 0xc000 <unfinished ...>
125597 openat(AT_FDCWD, "/usr/share/locale/locale.alias", O_RDONLY|O_CLOEXEC <unfinished ...>
125596 <... mmap resumed>)              = 0x7f601667f000
125597 <... openat resumed>)            = 3</usr/share/locale/locale.alias>
125596 mmap(0x7f6016751000, 245760, PROT_READ, MAP_PRIVATE|MAP_FIXED|MAP_DENYWRITE, 3</usr/lib64/libgcrypt.so.20.2.5>, 0xde000 <unfinished ...>
125597 fstat(3</usr/share/locale/locale.alias>,  <unfinished ...>
125596 <... mmap resumed>)              = 0x7f6016751000
125597 <... fstat resumed>{st_mode=S_IFREG|0644, st_size=2998, ...}) = 0
125596 mmap(0x7f601678d000, 28672, PROT_READ|PROT_WRITE, MAP_PRIVATE|MAP_FIXED|MAP_DENYWRITE, 3</usr/lib64/libgcrypt.so.20.2.5>, 0x119000 <unfinished ...>
125597 read(3</usr/share/locale/locale.alias>,  <unfinished ...>
125596 <... mmap resumed>)              = 0x7f601678d000
125597 <... read resumed>"# Locale name alias data base.\n#"..., 4096) = 2998
125596 close(3</usr/lib64/libgcrypt.so.20.2.5> <unfinished ...>
125597 read(3</usr/share/locale/locale.alias>,  <unfinished ...>
125596 <... close resumed>)             = 0
125597 <... read resumed>"", 4096)      = 0
125597 close(3</usr/share/locale/locale.alias> <unfinished ...>
125596 openat(AT_FDCWD, "/lib64/libgcc_s.so.1", O_RDONLY|O_CLOEXEC <unfinished ...>
125597 <... close resumed>)             = 0
125596 <... openat resumed>)            = 3</usr/lib64/libgcc_s-10-20210422.so.1>
125597 openat(AT_FDCWD, "/usr/share/locale/en_US.UTF-8/LC_MESSAGES/grep.mo", O_RDONLY <unfinished ...>
125596 read(3</usr/lib64/libgcc_s-10-20210422.so.1>,  <unfinished ...>
125597 <... openat resumed>)            = -1 ENOENT (No such file or directory)
125596 <... read resumed>"\177ELF\2\1\1\0\0\0\0\0\0\0\0\0\3\0>\0\1\0\0\0\3605\0\0\0\0\0\0"..., 832) = 832
125597 openat(AT_FDCWD, "/usr/share/locale/en_US.utf8/LC_MESSAGES/grep.mo", O_RDONLY <unfinished ...>
125596 fstat(3</usr/lib64/libgcc_s-10-20210422.so.1>,  <unfinished ...>
125597 <... openat resumed>)            = -1 ENOENT (No such file or directory)
125596 <... fstat resumed>{st_mode=S_IFREG|0755, st_size=108320, ...}) = 0
125597 openat(AT_FDCWD, "/usr/share/locale/en_US/LC_MESSAGES/grep.mo", O_RDONLY <unfinished ...>
125596 mmap(NULL, 107592, PROT_READ, MAP_PRIVATE|MAP_DENYWRITE, 3</usr/lib64/libgcc_s-10-20210422.so.1>, 0 <unfinished ...>
125597 <... openat resumed>)            = -1 ENOENT (No such file or directory)
125596 <... mmap resumed>)              = 0x7f6016658000
125597 openat(AT_FDCWD, "/usr/share/locale/en.UTF-8/LC_MESSAGES/grep.mo", O_RDONLY <unfinished ...>
125596 mmap(0x7f601665b000, 73728, PROT_READ|PROT_EXEC, MAP_PRIVATE|MAP_FIXED|MAP_DENYWRITE, 3</usr/lib64/libgcc_s-10-20210422.so.1>, 0x3000 <unfinished ...>
125597 <... openat resumed>)            = -1 ENOENT (No such file or directory)
125597 openat(AT_FDCWD, "/usr/share/locale/en.utf8/LC_MESSAGES/grep.mo", O_RDONLY <unfinished ...>
125596 <... mmap resumed>)              = 0x7f601665b000
125597 <... openat resumed>)            = -1 ENOENT (No such file or directory)
125596 mmap(0x7f601666d000, 16384, PROT_READ, MAP_PRIVATE|MAP_FIXED|MAP_DENYWRITE, 3</usr/lib64/libgcc_s-10-20210422.so.1>, 0x15000 <unfinished ...>
125597 openat(AT_FDCWD, "/usr/share/locale/en/LC_MESSAGES/grep.mo", O_RDONLY <unfinished ...>
125596 <... mmap resumed>)              = 0x7f601666d000
125597 <... openat resumed>)            = -1 ENOENT (No such file or directory)
125596 mmap(0x7f6016671000, 8192, PROT_READ|PROT_WRITE, MAP_PRIVATE|MAP_FIXED|MAP_DENYWRITE, 3</usr/lib64/libgcc_s-10-20210422.so.1>, 0x18000 <unfinished ...>
125597 rt_sigaction(SIGSEGV, {sa_handler=0x55f107a31010, sa_mask=[], sa_flags=SA_RESTORER|SA_ONSTACK|SA_NODEFER|SA_RESETHAND|SA_SIGINFO|0xffffffff00000000, sa_restorer=0x7f5bee88d860},  <unfinished ...>
125596 <... mmap resumed>)              = 0x7f6016671000
125597 <... rt_sigaction resumed>NULL, 8) = 0
125597 fstat(1<pipe:[963545]>,  <unfinished ...>
125596 close(3</usr/lib64/libgcc_s-10-20210422.so.1> <unfinished ...>
125597 <... fstat resumed>{st_mode=S_IFIFO|0600, st_size=0, ...}) = 0
125596 <... close resumed>)             = 0
125596 openat(AT_FDCWD, "/lib64/libpthread.so.0", O_RDONLY|O_CLOEXEC <unfinished ...>
125597 fstat(0<pipe:[963544]>,  <unfinished ...>
125596 <... openat resumed>)            = 3</usr/lib64/libpthread-2.31.so>
125597 <... fstat resumed>{st_mode=S_IFIFO|0600, st_size=0, ...}) = 0
125596 read(3</usr/lib64/libpthread-2.31.so>,  <unfinished ...>
125597 lseek(0<pipe:[963544]>, 0, SEEK_CUR <unfinished ...>
125596 <... read resumed>"\177ELF\2\1\1\0\0\0\0\0\0\0\0\0\3\0>\0\1\0\0\0\240\201\0\0\0\0\0\0"..., 832) = 832
125597 <... lseek resumed>)             = -1 ESPIPE (Illegal seek)
125596 pread64(3</usr/lib64/libpthread-2.31.so>,  <unfinished ...>
125597 read(0<pipe:[963544]>,  <unfinished ...>
125596 <... pread64 resumed>"\4\0\0\0 \0\0\0\5\0\0\0GNU\0\1\0\0\300\4\0\0\0\30\0\0\0\0\0\0\0"..., 48, 792) = 48
125596 pread64(3</usr/lib64/libpthread-2.31.so>, "\4\0\0\0\24\0\0\0\3\0\0\0GNU\0iz\370'g$\33\33\17\327eA\260uo\244"..., 68, 840) = 68
125596 fstat(3</usr/lib64/libpthread-2.31.so>, {st_mode=S_IFREG|0755, st_size=317728, ...}) = 0
125596 pread64(3</usr/lib64/libpthread-2.31.so>, "\4\0\0\0 \0\0\0\5\0\0\0GNU\0\1\0\0\300\4\0\0\0\30\0\0\0\0\0\0\0"..., 48, 792) = 48
125596 pread64(3</usr/lib64/libpthread-2.31.so>, "\4\0\0\0\24\0\0\0\3\0\0\0GNU\0iz\370'g$\33\33\17\327eA\260uo\244"..., 68, 840) = 68
125596 mmap(NULL, 135600, PROT_READ, MAP_PRIVATE|MAP_DENYWRITE, 3</usr/lib64/libpthread-2.31.so>, 0) = 0x7f6016636000
